# project ns (3.18) configured on Sun May 31 02:51:01 2026 by
# waf 1.7.11 (abi 98, python 20712f0 on linux2)
# using waf configure -d optimized --enable-tests
#
----------------------------------------
Setting top to
/root/secure-stdma/sources
----------------------------------------
Setting out to
/root/secure-stdma/sources/build
----------------------------------------
Checking for 'gcc' (c compiler)
find program=['gcc', 'cc'] paths=['/root/.pyenv/versions/2.7.18/bin', '/root/.pyenv/libexec', '/root/.pyenv/plugins/python-build/bin', '/root/.pyenv/plugins/pyenv-virtualenv/bin', '/root/.pyenv/plugins/pyenv-update/bin', '/root/.pyenv/plugins/pyenv-doctor/bin', '/root/.bun/bin', '/root/.pyenv/shims', '/root/.pyenv/bin', '/root/.pyenv/bin', '/root/.pyenv/bin', '/root/.pyenv/bin', '/root/.pyenv/bin', '/usr/local/sbin', '/usr/local/bin', '/usr/sbin', '/usr/bin', '/sbin', '/bin'] var='CC' -> '/usr/bin/gcc'
find program=['ar'] paths=['/root/.pyenv/versions/2.7.18/bin', '/root/.pyenv/libexec', '/root/.pyenv/plugins/python-build/bin', '/root/.pyenv/plugins/pyenv-virtualenv/bin', '/root/.pyenv/plugins/pyenv-update/bin', '/root/.pyenv/plugins/pyenv-doctor/bin', '/root/.bun/bin', '/root/.pyenv/shims', '/root/.pyenv/bin', '/root/.pyenv/bin', '/root/.pyenv/bin', '/root/.pyenv/bin', '/root/.pyenv/bin', '/usr/local/sbin', '/usr/local/bin', '/usr/sbin', '/usr/bin', '/sbin', '/bin'] var='AR' -> '/usr/bin/ar'
/usr/bin/gcc
----------------------------------------
Checking for cc version
13.3.0
----------------------------------------
Checking for 'g++' (c++ compiler)
find program=['g++', 'c++'] paths=['/root/.pyenv/versions/2.7.18/bin', '/root/.pyenv/libexec', '/root/.pyenv/plugins/python-build/bin', '/root/.pyenv/plugins/pyenv-virtualenv/bin', '/root/.pyenv/plugins/pyenv-update/bin', '/root/.pyenv/plugins/pyenv-doctor/bin', '/root/.bun/bin', '/root/.pyenv/shims', '/root/.pyenv/bin', '/root/.pyenv/bin', '/root/.pyenv/bin', '/root/.pyenv/bin', '/root/.pyenv/bin', '/usr/local/sbin', '/usr/local/bin', '/usr/sbin', '/usr/bin', '/sbin', '/bin'] var='CXX' -> '/usr/bin/g++'
(tool ar is already loaded, skipping)
/usr/bin/g++
------------------------------------------------------
Checking for compilation flag -march=native... support
==>
#include <stdio.h>
int main() { return 0; }

<==
[1/2] cxx: build/.conf_check_fe0ca542f39064c5a14ee41a2e983996/test.cc -> build/.conf_check_fe0ca542f39064c5a14ee41a2e983996/testbuild/test.cc.1.o

['/usr/bin/g++', '-Wno-error', '-std=gnu++14', '-march=native', '../test.cc', '-c', '-o', 'test.cc.1.o']
[2/2] cxxprogram: build/.conf_check_fe0ca542f39064c5a14ee41a2e983996/testbuild/test.cc.1.o -> build/.conf_check_fe0ca542f39064c5a14ee41a2e983996/testbuild/testprog

['/usr/bin/g++', 'test.cc.1.o', '-o', '/root/secure-stdma/sources/build/.conf_check_fe0ca542f39064c5a14ee41a2e983996/testbuild/testprog', '-Wl,-Bstatic', '-Wl,-Bdynamic']
ok
---------------------------------------------------------
Checking for compilation flag -Wl,--soname=foo... support
==>
#include <stdio.h>
int main() { return 0; }

<==
[1/2] cxx: build/.conf_check_fe0ca542f39064c5a14ee41a2e983996/test.cc -> build/.conf_check_fe0ca542f39064c5a14ee41a2e983996/testbuild/test.cc.1.o

['/usr/bin/g++', '-Wno-error', '-std=gnu++14', '-march=native', '-Wl,--soname=foo', '../test.cc', '-c', '-o', 'test.cc.1.o']
[2/2] cxxprogram: build/.conf_check_fe0ca542f39064c5a14ee41a2e983996/testbuild/test.cc.1.o -> build/.conf_check_fe0ca542f39064c5a14ee41a2e983996/testbuild/testprog

['/usr/bin/g++', 'test.cc.1.o', '-o', '/root/secure-stdma/sources/build/.conf_check_fe0ca542f39064c5a14ee41a2e983996/testbuild/testprog', '-Wl,-Bstatic', '-Wl,-Bdynamic']
ok
---------------------------------------------------------
Checking for program python
/root/.pyenv/versions/2.7.18/bin/python
find program=['python'] paths=['/root/.pyenv/versions/2.7.18/bin', '/root/.pyenv/libexec', '/root/.pyenv/plugins/python-build/bin', '/root/.pyenv/plugins/pyenv-virtualenv/bin', '/root/.pyenv/plugins/pyenv-update/bin', '/root/.pyenv/plugins/pyenv-doctor/bin', '/root/.bun/bin', '/root/.pyenv/shims', '/root/.pyenv/bin', '/root/.pyenv/bin', '/root/.pyenv/bin', '/root/.pyenv/bin', '/root/.pyenv/bin', '/usr/local/sbin', '/usr/local/bin', '/usr/sbin', '/usr/bin', '/sbin', '/bin'] var='PYTHON' -> '/root/.pyenv/versions/2.7.18/bin/python'
['/root/.pyenv/versions/2.7.18/bin/python', '-c', 'import sys\nfor x in sys.version_info: print(str(x))']
out: 2
7
18
final
0

['/root/.pyenv/versions/2.7.18/bin/python', '-c', "from distutils.sysconfig import get_config_var, get_python_lib\n\nprint(repr(get_python_lib(standard_lib=0, prefix='/usr/local') or ''))"]
out: '/usr/local/lib/python2.7/site-packages'

'/usr/local/lib/python2.7/site-packages'

['/root/.pyenv/versions/2.7.18/bin/python', '-c', "from distutils.sysconfig import get_config_var, get_python_lib\n\nprint(repr(get_python_lib(plat_specific=1, standard_lib=0, prefix='/usr/local') or ''))"]
out: '/usr/local/lib/python2.7/site-packages'

'/usr/local/lib/python2.7/site-packages'

---------------------------------------------------------
Checking for python version
(2, 7, 18, 'final', 0)
['/root/.pyenv/versions/2.7.18/bin/python', '-c', "from distutils.sysconfig import get_config_var, get_python_lib\n\nprint(repr(get_config_var('prefix') or ''))\nprint(repr(get_config_var('SO') or ''))\nprint(repr(get_config_var('LDFLAGS') or ''))\nprint(repr(get_config_var('LIBDIR') or ''))\nprint(repr(get_config_var('LIBPL') or ''))\nprint(repr(get_config_var('INCLUDEPY') or ''))\nprint(repr(get_config_var('Py_ENABLE_SHARED') or ''))\nprint(repr(get_config_var('MACOSX_DEPLOYMENT_TARGET') or ''))\nprint(repr(get_config_var('LDSHARED') or ''))\nprint(repr(get_config_var('CFLAGS') or ''))"]
out: '/root/.pyenv/versions/2.7.18'
'.so'
'-L/root/.pyenv/versions/2.7.18/lib -Wl,-rpath,/root/.pyenv/versions/2.7.18/lib'
'/root/.pyenv/versions/2.7.18/lib'
'/root/.pyenv/versions/2.7.18/lib/python2.7/config'
'/root/.pyenv/versions/2.7.18/include/python2.7'
1
''
'gcc -shared -L/root/.pyenv/versions/2.7.18/lib -Wl,-rpath,/root/.pyenv/versions/2.7.18/lib'
'-fno-strict-aliasing -std=c99 -DNDEBUG -g -fwrapv -O3 -Wall -Wstrict-prototypes'

'/root/.pyenv/versions/2.7.18'
'.so'
'-L/root/.pyenv/versions/2.7.18/lib -Wl,-rpath,/root/.pyenv/versions/2.7.18/lib'
'/root/.pyenv/versions/2.7.18/lib'
'/root/.pyenv/versions/2.7.18/lib/python2.7/config'
'/root/.pyenv/versions/2.7.18/include/python2.7'
1
''
'gcc -shared -L/root/.pyenv/versions/2.7.18/lib -Wl,-rpath,/root/.pyenv/versions/2.7.18/lib'
'-fno-strict-aliasing -std=c99 -DNDEBUG -g -fwrapv -O3 -Wall -Wstrict-prototypes'

Configuration returned from ['/root/.pyenv/versions/2.7.18/bin/python']:
"prefix = '/root/.pyenv/versions/2.7.18'\nSO = '.so'\nLDFLAGS = '-L/root/.pyenv/versions/2.7.18/lib -Wl,-rpath,/root/.pyenv/versions/2.7.18/lib'\nLIBDIR = '/root/.pyenv/versions/2.7.18/lib'\nLIBPL = '/root/.pyenv/versions/2.7.18/lib/python2.7/config'\nINCLUDEPY = '/root/.pyenv/versions/2.7.18/include/python2.7'\nPy_ENABLE_SHARED = 1\nMACOSX_DEPLOYMENT_TARGET = ''\nLDSHARED = 'gcc -shared -L/root/.pyenv/versions/2.7.18/lib -Wl,-rpath,/root/.pyenv/versions/2.7.18/lib'\nCFLAGS = '-fno-strict-aliasing -std=c99 -DNDEBUG -g -fwrapv -O3 -Wall -Wstrict-prototypes'"



# Trying default LIBPATH_PYEMBED: ['/root/.pyenv/versions/2.7.18/lib']

---------------------------------------------------------
Checking for library python2.7 in LIBPATH_PYEMBED
==>

int main(int argc, char **argv) {
	(void)argc; (void)argv;
	return 0;
}

<==
[1/2] cxx: build/.conf_check_399e7341926fc6609be2f58e65b220f4/test.cpp -> build/.conf_check_399e7341926fc6609be2f58e65b220f4/testbuild/test.cpp.1.o

['/usr/bin/g++', '-Wno-error', '-std=gnu++14', '-march=native', '-fno-strict-aliasing', '-std=c99', '-fwrapv', '-DPYTHONDIR="/usr/local/lib/python2.7/site-packages"', '-DPYTHONARCHDIR="/usr/local/lib/python2.7/site-packages"', '-DNDEBUG', '../test.cpp', '-c', '-o', 'test.cpp.1.o']
err: cc1plus: warning: command-line option '-std=c99' is valid for C/ObjC but not for C++

[2/2] cxxprogram: build/.conf_check_399e7341926fc6609be2f58e65b220f4/testbuild/test.cpp.1.o -> build/.conf_check_399e7341926fc6609be2f58e65b220f4/testbuild/testprog

['/usr/bin/g++', '-Wl,-rpath,/root/.pyenv/versions/2.7.18/lib', '-std=c99', 'test.cpp.1.o', '-o', '/root/secure-stdma/sources/build/.conf_check_399e7341926fc6609be2f58e65b220f4/testbuild/testprog', '-Wl,-Bstatic', '-Wl,-Bdynamic', '-L/root/.pyenv/versions/2.7.18/lib', '-L/root/.pyenv/versions/2.7.18/lib', '-lpython2.7']
yes
------------------------------------------------------------------------------------------------------------------------
Checking for program /root/.pyenv/versions/2.7.18/bin/python-config,python2.7-config,python-config-2.7,python2.7m-config
/root/.pyenv/versions/2.7.18/bin/python-config
find program=['/root/.pyenv/versions/2.7.18/bin/python-config', 'python2.7-config', 'python-config-2.7', 'python2.7m-config'] paths=['/root/.pyenv/versions/2.7.18/bin', '/root/.pyenv/libexec', '/root/.pyenv/plugins/python-build/bin', '/root/.pyenv/plugins/pyenv-virtualenv/bin', '/root/.pyenv/plugins/pyenv-update/bin', '/root/.pyenv/plugins/pyenv-doctor/bin', '/root/.bun/bin', '/root/.pyenv/shims', '/root/.pyenv/bin', '/root/.pyenv/bin', '/root/.pyenv/bin', '/root/.pyenv/bin', '/root/.pyenv/bin', '/usr/local/sbin', '/usr/local/bin', '/usr/sbin', '/usr/bin', '/sbin', '/bin'] var='PYTHON_CONFIG' -> '/root/.pyenv/versions/2.7.18/bin/python-config'
['/root/.pyenv/versions/2.7.18/bin/python-config', '--includes']
out: -I/root/.pyenv/versions/2.7.18/include/python2.7 -I/root/.pyenv/versions/2.7.18/include/python2.7

Include path for Python extensions (found via python-config --includes): ['/root/.pyenv/versions/2.7.18/include/python2.7']

------------------------------------------------------------------------------------------------------------------------
Checking for header Python.h
==>

#include <Python.h>
#ifdef __cplusplus
extern "C" {
#endif
	void Py_Initialize(void);
	void Py_Finalize(void);
#ifdef __cplusplus
}
#endif
int main(int argc, char **argv)
{
   (void)argc; (void)argv;
   Py_Initialize();
   Py_Finalize();
   return 0;
}

<==
[1/2] cxx: build/.conf_check_1f933b02106127ce3a9f4633a0e368e7/test.cpp -> build/.conf_check_1f933b02106127ce3a9f4633a0e368e7/testbuild/test.cpp.1.o

['/usr/bin/g++', '-Wno-error', '-std=gnu++14', '-march=native', '-fno-strict-aliasing', '-std=c99', '-fwrapv', '-fno-strict-aliasing', '-I/root/.pyenv/versions/2.7.18/include/python2.7', '-DPYTHONDIR="/usr/local/lib/python2.7/site-packages"', '-DPYTHONARCHDIR="/usr/local/lib/python2.7/site-packages"', '-DNDEBUG', '../test.cpp', '-c', '-o', 'test.cpp.1.o']
err: cc1plus: warning: command-line option '-std=c99' is valid for C/ObjC but not for C++

[2/2] cxxprogram: build/.conf_check_1f933b02106127ce3a9f4633a0e368e7/testbuild/test.cpp.1.o -> build/.conf_check_1f933b02106127ce3a9f4633a0e368e7/testbuild/testprog

['/usr/bin/g++', '-Wl,-rpath,/root/.pyenv/versions/2.7.18/lib', '-std=c99', 'test.cpp.1.o', '-o', '/root/secure-stdma/sources/build/.conf_check_1f933b02106127ce3a9f4633a0e368e7/testbuild/testprog', '-Wl,-Bstatic', '-Wl,-Bdynamic', '-L/root/.pyenv/versions/2.7.18/lib', '-lpython2.7']
yes
------------------------------------------------------------------------------------------------------------------------
Checking for compilation flag -fvisibility=hidden... support
==>
#include <stdio.h>
int main() { return 0; }

<==
[1/2] cxx: build/.conf_check_fe0ca542f39064c5a14ee41a2e983996/test.cc -> build/.conf_check_fe0ca542f39064c5a14ee41a2e983996/testbuild/test.cc.1.o

['/usr/bin/g++', '-Wno-error', '-std=gnu++14', '-march=native', '-fvisibility=hidden', '-DPYTHONDIR="/usr/local/lib/python2.7/site-packages"', '-DPYTHONARCHDIR="/usr/local/lib/python2.7/site-packages"', '-DHAVE_PYTHON_H=1', '../test.cc', '-c', '-o', 'test.cc.1.o']
[2/2] cxxprogram: build/.conf_check_fe0ca542f39064c5a14ee41a2e983996/testbuild/test.cc.1.o -> build/.conf_check_fe0ca542f39064c5a14ee41a2e983996/testbuild/testprog

['/usr/bin/g++', 'test.cc.1.o', '-o', '/root/secure-stdma/sources/build/.conf_check_fe0ca542f39064c5a14ee41a2e983996/testbuild/testprog', '-Wl,-Bstatic', '-Wl,-Bdynamic']
ok
------------------------------------------------------------------------------------------------------------------------
Checking for compilation flag -Wno-array-bounds... support
==>
#include <stdio.h>
int main() { return 0; }

<==
[1/2] cxx: build/.conf_check_fe0ca542f39064c5a14ee41a2e983996/test.cc -> build/.conf_check_fe0ca542f39064c5a14ee41a2e983996/testbuild/test.cc.1.o

['/usr/bin/g++', '-Wno-error', '-std=gnu++14', '-march=native', '-Wno-array-bounds', '-DPYTHONDIR="/usr/local/lib/python2.7/site-packages"', '-DPYTHONARCHDIR="/usr/local/lib/python2.7/site-packages"', '-DHAVE_PYTHON_H=1', '../test.cc', '-c', '-o', 'test.cc.1.o']
[2/2] cxxprogram: build/.conf_check_fe0ca542f39064c5a14ee41a2e983996/testbuild/test.cc.1.o -> build/.conf_check_fe0ca542f39064c5a14ee41a2e983996/testbuild/testprog

['/usr/bin/g++', 'test.cc.1.o', '-o', '/root/secure-stdma/sources/build/.conf_check_fe0ca542f39064c5a14ee41a2e983996/testbuild/testprog', '-Wl,-Bstatic', '-Wl,-Bdynamic']
ok
------------------------------------------------------------------------------------------------------------------------
Checking for pybindgen location
not found
------------------------------------------------------------------------------------------------------------------------
Python module pybindgen
['/root/.pyenv/versions/2.7.18/bin/python', '-c', "\nimport pybindgen as current_module\nversion = getattr(current_module, '__version__', None)\nif version is not None:\n    print(str(version))\nelse:\n    print('unknown version')\n"]
err: Traceback (most recent call last):
  File "<string>", line 2, in <module>
ImportError: No module named pybindgen

not found
from /root/secure-stdma/sources/bindings/python: Could not find the python module 'pybindgen'
------------------------------------------------------------------------------------------------------------------------
Checking boost includes
from /root/secure-stdma/sources/src: headers not found, please provide a --boost-includes argument (see help)
not found
------------------------------------------------------------------------------------------------------------------------
Checking boost includes
from /root/secure-stdma/sources/src: headers not found, please provide a --boost-includes argument (see help)
not found
------------------------------------------------------------------------------------------------------------------------
Checking for click location
not found
------------------------------------------------------------------------------------------------------------------------
Checking for program pkg-config
/usr/bin/pkg-config
find program=['pkg-config'] paths=['/root/.pyenv/versions/2.7.18/bin', '/root/.pyenv/libexec', '/root/.pyenv/plugins/python-build/bin', '/root/.pyenv/plugins/pyenv-virtualenv/bin', '/root/.pyenv/plugins/pyenv-update/bin', '/root/.pyenv/plugins/pyenv-doctor/bin', '/root/.bun/bin', '/root/.pyenv/shims', '/root/.pyenv/bin', '/root/.pyenv/bin', '/root/.pyenv/bin', '/root/.pyenv/bin', '/root/.pyenv/bin', '/usr/local/sbin', '/usr/local/bin', '/usr/sbin', '/usr/bin', '/sbin', '/bin'] var='PKGCONFIG' -> '/usr/bin/pkg-config'
------------------------------------------------------------------------------------------------------------------------
Checking for 'gtk+-2.0' >= 2.12
['/usr/bin/pkg-config', '--atleast-version=2.12', 'gtk+-2.0']
not found
from /root/secure-stdma/sources/src/config-store: The configuration failed
------------------------------------------------------------------------------------------------------------------------
Checking for 'libxml-2.0' >= 2.7
['/usr/bin/pkg-config', '--atleast-version=2.7', 'libxml-2.0']
not found
from /root/secure-stdma/sources/src/config-store: The configuration failed
------------------------------------------------------------------------------------------------------------------------
Checking for type uint128_t
==>
#include <stdint.h>

int main(int argc, char **argv) {
	(void)argc; (void)argv;
	if ((uint128_t *) 0) return 0;
	if (sizeof (uint128_t)) return 0;
	return 1;
}

<==
[1/2] cxx: build/.conf_check_656b178ce7442053dff90315b31a1cc5/test.cpp -> build/.conf_check_656b178ce7442053dff90315b31a1cc5/testbuild/test.cpp.1.o

['/usr/bin/g++', '-Wno-error', '-std=gnu++14', '-march=native', '../test.cpp', '-c', '-o', 'test.cpp.1.o']
err: ../test.cpp: In function 'int main(int, char**)':
../test.cpp:5:14: error: 'uint128_t' was not declared in this scope; did you mean 'uint8_t'?
    5 |         if ((uint128_t *) 0) return 0;
      |              ^~~~~~~~~
      |              uint8_t
../test.cpp:5:25: error: expected primary-expression before ')' token
    5 |         if ((uint128_t *) 0) return 0;
      |                         ^
../test.cpp:5:26: error: expected ')' before numeric constant
    5 |         if ((uint128_t *) 0) return 0;
      |            ~             ^~
      |                          )
../test.cpp:6:21: error: 'uint128_t' was not declared in this scope; did you mean 'uint8_t'?
    6 |         if (sizeof (uint128_t)) return 0;
      |                     ^~~~~~~~~
      |                     uint8_t

from /root/secure-stdma/sources/src/core: Test does not build: Traceback (most recent call last):
  File "/root/secure-stdma/sources/.waf-1.7.11-edc6ccb516c5e3f9b892efc9f53a610f/waflib/Tools/c_config.py", line 459, in run_c_code
    bld.compile()
  File "/root/secure-stdma/sources/.waf-1.7.11-edc6ccb516c5e3f9b892efc9f53a610f/waflib/Build.py", line 188, in compile
    raise Errors.BuildError(self.producer.error)
BuildError: Build failed
 -> task in 'testprog' failed (exit status 1): 
	{task 138254717439568: cxx test.cpp -> test.cpp.1.o}
['/usr/bin/g++', '-Wno-error', '-std=gnu++14', '-march=native', '../test.cpp', '-c', '-o', 'test.cpp.1.o']

not found
from /root/secure-stdma/sources/src/core: The configuration failed
------------------------------------------------------------------------------------------------------------------------
Checking for type __uint128_t
==>
#include <stdint.h>

int main(int argc, char **argv) {
	(void)argc; (void)argv;
	if ((__uint128_t *) 0) return 0;
	if (sizeof (__uint128_t)) return 0;
	return 1;
}

<==
[1/2] cxx: build/.conf_check_ace1886511f08627ee2e4ca020806295/test.cpp -> build/.conf_check_ace1886511f08627ee2e4ca020806295/testbuild/test.cpp.1.o

['/usr/bin/g++', '-Wno-error', '-std=gnu++14', '-march=native', '../test.cpp', '-c', '-o', 'test.cpp.1.o']
[2/2] cxxprogram: build/.conf_check_ace1886511f08627ee2e4ca020806295/testbuild/test.cpp.1.o -> build/.conf_check_ace1886511f08627ee2e4ca020806295/testbuild/testprog

['/usr/bin/g++', 'test.cpp.1.o', '-o', '/root/secure-stdma/sources/build/.conf_check_ace1886511f08627ee2e4ca020806295/testbuild/testprog', '-Wl,-Bstatic', '-Wl,-Bdynamic']
yes
------------------------------------------------------------------------------------------------------------------------
Checking high precision time implementation
128-bit integer
------------------------------------------------------------------------------------------------------------------------
Checking for header stdint.h
==>
#include <stdint.h>

int main(int argc, char **argv) {
	(void)argc; (void)argv;
	return 0;
}

<==
[1/2] cxx: build/.conf_check_fa0c4ec9c63ac505501cc0863d9bdc48/test.cpp -> build/.conf_check_fa0c4ec9c63ac505501cc0863d9bdc48/testbuild/test.cpp.1.o

['/usr/bin/g++', '-Wno-error', '-std=gnu++14', '-march=native', '-DHAVE___UINT128_T=1', '-DINT64X64_USE_128=1', '../test.cpp', '-c', '-o', 'test.cpp.1.o']
[2/2] cxxprogram: build/.conf_check_fa0c4ec9c63ac505501cc0863d9bdc48/testbuild/test.cpp.1.o -> build/.conf_check_fa0c4ec9c63ac505501cc0863d9bdc48/testbuild/testprog

['/usr/bin/g++', 'test.cpp.1.o', '-o', '/root/secure-stdma/sources/build/.conf_check_fa0c4ec9c63ac505501cc0863d9bdc48/testbuild/testprog', '-Wl,-Bstatic', '-Wl,-Bdynamic']
yes
------------------------------------------------------------------------------------------------------------------------
Checking for header inttypes.h
==>
#include <inttypes.h>

int main(int argc, char **argv) {
	(void)argc; (void)argv;
	return 0;
}

<==
[1/2] cxx: build/.conf_check_7c67b81911f8bf0aede92c843d0e47cf/test.cpp -> build/.conf_check_7c67b81911f8bf0aede92c843d0e47cf/testbuild/test.cpp.1.o

['/usr/bin/g++', '-Wno-error', '-std=gnu++14', '-march=native', '-DHAVE___UINT128_T=1', '-DINT64X64_USE_128=1', '-DHAVE_STDINT_H=1', '../test.cpp', '-c', '-o', 'test.cpp.1.o']
[2/2] cxxprogram: build/.conf_check_7c67b81911f8bf0aede92c843d0e47cf/testbuild/test.cpp.1.o -> build/.conf_check_7c67b81911f8bf0aede92c843d0e47cf/testbuild/testprog

['/usr/bin/g++', 'test.cpp.1.o', '-o', '/root/secure-stdma/sources/build/.conf_check_7c67b81911f8bf0aede92c843d0e47cf/testbuild/testprog', '-Wl,-Bstatic', '-Wl,-Bdynamic']
yes
------------------------------------------------------------------------------------------------------------------------
Checking for header sys/inttypes.h
==>
#include <sys/inttypes.h>

int main(int argc, char **argv) {
	(void)argc; (void)argv;
	return 0;
}

<==
[1/2] cxx: build/.conf_check_61ecbfef21667d45a28decabe37fdf64/test.cpp -> build/.conf_check_61ecbfef21667d45a28decabe37fdf64/testbuild/test.cpp.1.o

['/usr/bin/g++', '-Wno-error', '-std=gnu++14', '-march=native', '-DHAVE___UINT128_T=1', '-DINT64X64_USE_128=1', '-DHAVE_STDINT_H=1', '-DHAVE_INTTYPES_H=1', '../test.cpp', '-c', '-o', 'test.cpp.1.o']
err: ../test.cpp:1:10: fatal error: sys/inttypes.h: No such file or directory
    1 | #include <sys/inttypes.h>
      |          ^~~~~~~~~~~~~~~~
compilation terminated.

from /root/secure-stdma/sources/src/core: Test does not build: Traceback (most recent call last):
  File "/root/secure-stdma/sources/.waf-1.7.11-edc6ccb516c5e3f9b892efc9f53a610f/waflib/Tools/c_config.py", line 459, in run_c_code
    bld.compile()
  File "/root/secure-stdma/sources/.waf-1.7.11-edc6ccb516c5e3f9b892efc9f53a610f/waflib/Build.py", line 188, in compile
    raise Errors.BuildError(self.producer.error)
BuildError: Build failed
 -> task in 'testprog' failed (exit status 1): 
	{task 138254717517648: cxx test.cpp -> test.cpp.1.o}
['/usr/bin/g++', '-Wno-error', '-std=gnu++14', '-march=native', '-DHAVE___UINT128_T=1', '-DINT64X64_USE_128=1', '-DHAVE_STDINT_H=1', '-DHAVE_INTTYPES_H=1', '../test.cpp', '-c', '-o', 'test.cpp.1.o']

not found
from /root/secure-stdma/sources/src/core: The configuration failed
------------------------------------------------------------------------------------------------------------------------
Checking for header sys/types.h
==>
#include <sys/types.h>

int main(int argc, char **argv) {
	(void)argc; (void)argv;
	return 0;
}

<==
[1/2] cxx: build/.conf_check_8d38681417ac64f5b5b7d4ca87b0e4f3/test.cpp -> build/.conf_check_8d38681417ac64f5b5b7d4ca87b0e4f3/testbuild/test.cpp.1.o

['/usr/bin/g++', '-Wno-error', '-std=gnu++14', '-march=native', '-DHAVE___UINT128_T=1', '-DINT64X64_USE_128=1', '-DHAVE_STDINT_H=1', '-DHAVE_INTTYPES_H=1', '../test.cpp', '-c', '-o', 'test.cpp.1.o']
[2/2] cxxprogram: build/.conf_check_8d38681417ac64f5b5b7d4ca87b0e4f3/testbuild/test.cpp.1.o -> build/.conf_check_8d38681417ac64f5b5b7d4ca87b0e4f3/testbuild/testprog

['/usr/bin/g++', 'test.cpp.1.o', '-o', '/root/secure-stdma/sources/build/.conf_check_8d38681417ac64f5b5b7d4ca87b0e4f3/testbuild/testprog', '-Wl,-Bstatic', '-Wl,-Bdynamic']
yes
------------------------------------------------------------------------------------------------------------------------
Checking for header sys/stat.h
==>
#include <sys/stat.h>

int main(int argc, char **argv) {
	(void)argc; (void)argv;
	return 0;
}

<==
[1/2] cxx: build/.conf_check_8dd79274749d59bf459dfbeb1200c7d7/test.cpp -> build/.conf_check_8dd79274749d59bf459dfbeb1200c7d7/testbuild/test.cpp.1.o

['/usr/bin/g++', '-Wno-error', '-std=gnu++14', '-march=native', '-DHAVE___UINT128_T=1', '-DINT64X64_USE_128=1', '-DHAVE_STDINT_H=1', '-DHAVE_INTTYPES_H=1', '-DHAVE_SYS_TYPES_H=1', '../test.cpp', '-c', '-o', 'test.cpp.1.o']
[2/2] cxxprogram: build/.conf_check_8dd79274749d59bf459dfbeb1200c7d7/testbuild/test.cpp.1.o -> build/.conf_check_8dd79274749d59bf459dfbeb1200c7d7/testbuild/testprog

['/usr/bin/g++', 'test.cpp.1.o', '-o', '/root/secure-stdma/sources/build/.conf_check_8dd79274749d59bf459dfbeb1200c7d7/testbuild/testprog', '-Wl,-Bstatic', '-Wl,-Bdynamic']
yes
------------------------------------------------------------------------------------------------------------------------
Checking for header dirent.h
==>
#include <dirent.h>

int main(int argc, char **argv) {
	(void)argc; (void)argv;
	return 0;
}

<==
[1/2] cxx: build/.conf_check_c94d96928742c001335a0559791a93d8/test.cpp -> build/.conf_check_c94d96928742c001335a0559791a93d8/testbuild/test.cpp.1.o

['/usr/bin/g++', '-Wno-error', '-std=gnu++14', '-march=native', '-DHAVE___UINT128_T=1', '-DINT64X64_USE_128=1', '-DHAVE_STDINT_H=1', '-DHAVE_INTTYPES_H=1', '-DHAVE_SYS_TYPES_H=1', '-DHAVE_SYS_STAT_H=1', '../test.cpp', '-c', '-o', 'test.cpp.1.o']
[2/2] cxxprogram: build/.conf_check_c94d96928742c001335a0559791a93d8/testbuild/test.cpp.1.o -> build/.conf_check_c94d96928742c001335a0559791a93d8/testbuild/testprog

['/usr/bin/g++', 'test.cpp.1.o', '-o', '/root/secure-stdma/sources/build/.conf_check_c94d96928742c001335a0559791a93d8/testbuild/testprog', '-Wl,-Bstatic', '-Wl,-Bdynamic']
yes
------------------------------------------------------------------------------------------------------------------------
Checking for header stdlib.h
==>
#include <stdlib.h>

int main(int argc, char **argv) {
	(void)argc; (void)argv;
	return 0;
}

<==
[1/2] cxx: build/.conf_check_3a82ef2f96ebcc67f6086c98d2e6291e/test.cpp -> build/.conf_check_3a82ef2f96ebcc67f6086c98d2e6291e/testbuild/test.cpp.1.o

['/usr/bin/g++', '-Wno-error', '-std=gnu++14', '-march=native', '-DHAVE___UINT128_T=1', '-DINT64X64_USE_128=1', '-DHAVE_STDINT_H=1', '-DHAVE_INTTYPES_H=1', '-DHAVE_SYS_TYPES_H=1', '-DHAVE_SYS_STAT_H=1', '-DHAVE_DIRENT_H=1', '../test.cpp', '-c', '-o', 'test.cpp.1.o']
[2/2] cxxprogram: build/.conf_check_3a82ef2f96ebcc67f6086c98d2e6291e/testbuild/test.cpp.1.o -> build/.conf_check_3a82ef2f96ebcc67f6086c98d2e6291e/testbuild/testprog

['/usr/bin/g++', 'test.cpp.1.o', '-o', '/root/secure-stdma/sources/build/.conf_check_3a82ef2f96ebcc67f6086c98d2e6291e/testbuild/testprog', '-Wl,-Bstatic', '-Wl,-Bdynamic']
yes
------------------------------------------------------------------------------------------------------------------------
Checking for header signal.h
==>
#include <signal.h>

int main(int argc, char **argv) {
	(void)argc; (void)argv;
	return 0;
}

<==
[1/2] cxx: build/.conf_check_48955ac54d2136a572805353a7b9b62d/test.cpp -> build/.conf_check_48955ac54d2136a572805353a7b9b62d/testbuild/test.cpp.1.o

['/usr/bin/g++', '-Wno-error', '-std=gnu++14', '-march=native', '-DHAVE___UINT128_T=1', '-DINT64X64_USE_128=1', '-DHAVE_STDINT_H=1', '-DHAVE_INTTYPES_H=1', '-DHAVE_SYS_TYPES_H=1', '-DHAVE_SYS_STAT_H=1', '-DHAVE_DIRENT_H=1', '-DHAVE_STDLIB_H=1', '-DHAVE_GETENV=1', '../test.cpp', '-c', '-o', 'test.cpp.1.o']
[2/2] cxxprogram: build/.conf_check_48955ac54d2136a572805353a7b9b62d/testbuild/test.cpp.1.o -> build/.conf_check_48955ac54d2136a572805353a7b9b62d/testbuild/testprog

['/usr/bin/g++', 'test.cpp.1.o', '-o', '/root/secure-stdma/sources/build/.conf_check_48955ac54d2136a572805353a7b9b62d/testbuild/testprog', '-Wl,-Bstatic', '-Wl,-Bdynamic']
yes
------------------------------------------------------------------------------------------------------------------------
Checking for header pthread.h
==>

#include <pthread.h>
int main ()
{
   pthread_mutex_t m;
   pthread_mutex_init (&m, NULL);
   return 0;
}

<==
[1/2] cxx: build/.conf_check_2be466e82e703a744ee152afe2b58299/test.cpp -> build/.conf_check_2be466e82e703a744ee152afe2b58299/testbuild/test.cpp.1.o

['/usr/bin/g++', '-Wno-error', '-std=gnu++14', '-march=native', '-pthread', '-DHAVE___UINT128_T=1', '-DINT64X64_USE_128=1', '-DHAVE_STDINT_H=1', '-DHAVE_INTTYPES_H=1', '-DHAVE_SYS_TYPES_H=1', '-DHAVE_SYS_STAT_H=1', '-DHAVE_DIRENT_H=1', '-DHAVE_STDLIB_H=1', '-DHAVE_GETENV=1', '-DHAVE_SIGNAL_H=1', '../test.cpp', '-c', '-o', 'test.cpp.1.o']
[2/2] cxxprogram: build/.conf_check_2be466e82e703a744ee152afe2b58299/testbuild/test.cpp.1.o -> build/.conf_check_2be466e82e703a744ee152afe2b58299/testbuild/testprog

['/usr/bin/g++', '-pthread', 'test.cpp.1.o', '-o', '/root/secure-stdma/sources/build/.conf_check_2be466e82e703a744ee152afe2b58299/testbuild/testprog', '-Wl,-Bstatic', '-Wl,-Bdynamic']
yes
------------------------------------------------------------------------------------------------------------------------
Checking for header stdint.h
==>
#include <stdint.h>

int main(int argc, char **argv) {
	(void)argc; (void)argv;
	return 0;
}

<==
[1/2] cxx: build/.conf_check_fa0c4ec9c63ac505501cc0863d9bdc48/test.cpp -> build/.conf_check_fa0c4ec9c63ac505501cc0863d9bdc48/testbuild/test.cpp.1.o

['/usr/bin/g++', '-Wno-error', '-std=gnu++14', '-march=native', '-DHAVE___UINT128_T=1', '-DINT64X64_USE_128=1', '-DHAVE_INTTYPES_H=1', '-DHAVE_SYS_TYPES_H=1', '-DHAVE_SYS_STAT_H=1', '-DHAVE_DIRENT_H=1', '-DHAVE_STDLIB_H=1', '-DHAVE_GETENV=1', '-DHAVE_SIGNAL_H=1', '-DHAVE_PTHREAD_H=1', '../test.cpp', '-c', '-o', 'test.cpp.1.o']
[2/2] cxxprogram: build/.conf_check_fa0c4ec9c63ac505501cc0863d9bdc48/testbuild/test.cpp.1.o -> build/.conf_check_fa0c4ec9c63ac505501cc0863d9bdc48/testbuild/testprog

['/usr/bin/g++', 'test.cpp.1.o', '-o', '/root/secure-stdma/sources/build/.conf_check_fa0c4ec9c63ac505501cc0863d9bdc48/testbuild/testprog', '-Wl,-Bstatic', '-Wl,-Bdynamic']
yes
------------------------------------------------------------------------------------------------------------------------
Checking for header inttypes.h
==>
#include <inttypes.h>

int main(int argc, char **argv) {
	(void)argc; (void)argv;
	return 0;
}

<==
[1/2] cxx: build/.conf_check_7c67b81911f8bf0aede92c843d0e47cf/test.cpp -> build/.conf_check_7c67b81911f8bf0aede92c843d0e47cf/testbuild/test.cpp.1.o

['/usr/bin/g++', '-Wno-error', '-std=gnu++14', '-march=native', '-DHAVE___UINT128_T=1', '-DINT64X64_USE_128=1', '-DHAVE_SYS_TYPES_H=1', '-DHAVE_SYS_STAT_H=1', '-DHAVE_DIRENT_H=1', '-DHAVE_STDLIB_H=1', '-DHAVE_GETENV=1', '-DHAVE_SIGNAL_H=1', '-DHAVE_PTHREAD_H=1', '-DHAVE_STDINT_H=1', '../test.cpp', '-c', '-o', 'test.cpp.1.o']
[2/2] cxxprogram: build/.conf_check_7c67b81911f8bf0aede92c843d0e47cf/testbuild/test.cpp.1.o -> build/.conf_check_7c67b81911f8bf0aede92c843d0e47cf/testbuild/testprog

['/usr/bin/g++', 'test.cpp.1.o', '-o', '/root/secure-stdma/sources/build/.conf_check_7c67b81911f8bf0aede92c843d0e47cf/testbuild/testprog', '-Wl,-Bstatic', '-Wl,-Bdynamic']
yes
------------------------------------------------------------------------------------------------------------------------
Checking for header sys/inttypes.h
==>
#include <sys/inttypes.h>

int main(int argc, char **argv) {
	(void)argc; (void)argv;
	return 0;
}

<==
[1/2] cxx: build/.conf_check_61ecbfef21667d45a28decabe37fdf64/test.cpp -> build/.conf_check_61ecbfef21667d45a28decabe37fdf64/testbuild/test.cpp.1.o

['/usr/bin/g++', '-Wno-error', '-std=gnu++14', '-march=native', '-DHAVE___UINT128_T=1', '-DINT64X64_USE_128=1', '-DHAVE_SYS_TYPES_H=1', '-DHAVE_SYS_STAT_H=1', '-DHAVE_DIRENT_H=1', '-DHAVE_STDLIB_H=1', '-DHAVE_GETENV=1', '-DHAVE_SIGNAL_H=1', '-DHAVE_PTHREAD_H=1', '-DHAVE_STDINT_H=1', '-DHAVE_INTTYPES_H=1', '../test.cpp', '-c', '-o', 'test.cpp.1.o']
err: ../test.cpp:1:10: fatal error: sys/inttypes.h: No such file or directory
    1 | #include <sys/inttypes.h>
      |          ^~~~~~~~~~~~~~~~
compilation terminated.

from /root/secure-stdma/sources/src/core: Test does not build: Traceback (most recent call last):
  File "/root/secure-stdma/sources/.waf-1.7.11-edc6ccb516c5e3f9b892efc9f53a610f/waflib/Tools/c_config.py", line 459, in run_c_code
    bld.compile()
  File "/root/secure-stdma/sources/.waf-1.7.11-edc6ccb516c5e3f9b892efc9f53a610f/waflib/Build.py", line 188, in compile
    raise Errors.BuildError(self.producer.error)
BuildError: Build failed
 -> task in 'testprog' failed (exit status 1): 
	{task 138254717383376: cxx test.cpp -> test.cpp.1.o}
['/usr/bin/g++', '-Wno-error', '-std=gnu++14', '-march=native', '-DHAVE___UINT128_T=1', '-DINT64X64_USE_128=1', '-DHAVE_SYS_TYPES_H=1', '-DHAVE_SYS_STAT_H=1', '-DHAVE_DIRENT_H=1', '-DHAVE_STDLIB_H=1', '-DHAVE_GETENV=1', '-DHAVE_SIGNAL_H=1', '-DHAVE_PTHREAD_H=1', '-DHAVE_STDINT_H=1', '-DHAVE_INTTYPES_H=1', '../test.cpp', '-c', '-o', 'test.cpp.1.o']

not found
from /root/secure-stdma/sources/src/core: The configuration failed
------------------------------------------------------------------------------------------------------------------------
Checking for library rt
==>

int main(int argc, char **argv) {
	(void)argc; (void)argv;
	return 0;
}

<==
[1/2] cxx: build/.conf_check_5ef57bc0d8aa3565949b6ce1186fd4a7/test.cpp -> build/.conf_check_5ef57bc0d8aa3565949b6ce1186fd4a7/testbuild/test.cpp.1.o

['/usr/bin/g++', '-Wno-error', '-std=gnu++14', '-march=native', '-pthread', '-DHAVE___UINT128_T=1', '-DINT64X64_USE_128=1', '-DHAVE_SYS_TYPES_H=1', '-DHAVE_SYS_STAT_H=1', '-DHAVE_DIRENT_H=1', '-DHAVE_STDLIB_H=1', '-DHAVE_GETENV=1', '-DHAVE_SIGNAL_H=1', '-DHAVE_PTHREAD_H=1', '-DHAVE_STDINT_H=1', '-DHAVE_INTTYPES_H=1', '../test.cpp', '-c', '-o', 'test.cpp.1.o']
[2/2] cxxprogram: build/.conf_check_5ef57bc0d8aa3565949b6ce1186fd4a7/testbuild/test.cpp.1.o -> build/.conf_check_5ef57bc0d8aa3565949b6ce1186fd4a7/testbuild/testprog

['/usr/bin/g++', '-pthread', 'test.cpp.1.o', '-o', '/root/secure-stdma/sources/build/.conf_check_5ef57bc0d8aa3565949b6ce1186fd4a7/testbuild/testprog', '-Wl,-Bstatic', '-Wl,-Bdynamic', '-lrt']
yes
------------------------------------------------------------------------------------------------------------------------
Checking for header netpacket/packet.h
==>
#include <netpacket/packet.h>

int main(int argc, char **argv) {
	(void)argc; (void)argv;
	return 0;
}

<==
[1/2] cxx: build/.conf_check_f00bb2460dc7019f64c1a347be5879fa/test.cpp -> build/.conf_check_f00bb2460dc7019f64c1a347be5879fa/testbuild/test.cpp.1.o

['/usr/bin/g++', '-Wno-error', '-std=gnu++14', '-march=native', '../test.cpp', '-c', '-o', 'test.cpp.1.o']
[2/2] cxxprogram: build/.conf_check_f00bb2460dc7019f64c1a347be5879fa/testbuild/test.cpp.1.o -> build/.conf_check_f00bb2460dc7019f64c1a347be5879fa/testbuild/testprog

['/usr/bin/g++', 'test.cpp.1.o', '-o', '/root/secure-stdma/sources/build/.conf_check_f00bb2460dc7019f64c1a347be5879fa/testbuild/testprog', '-Wl,-Bstatic', '-Wl,-Bdynamic']
yes
------------------------------------------------------------------------------------------------------------------------
Checking for header sys/ioctl.h
==>
#include <sys/ioctl.h>

int main(int argc, char **argv) {
	(void)argc; (void)argv;
	return 0;
}

<==
[1/2] cxx: build/.conf_check_ebd591dbc3bb45aa25214505e9aa0d0f/test.cpp -> build/.conf_check_ebd591dbc3bb45aa25214505e9aa0d0f/testbuild/test.cpp.1.o

['/usr/bin/g++', '-Wno-error', '-std=gnu++14', '-march=native', '-DHAVE_PACKET_H=1', '../test.cpp', '-c', '-o', 'test.cpp.1.o']
[2/2] cxxprogram: build/.conf_check_ebd591dbc3bb45aa25214505e9aa0d0f/testbuild/test.cpp.1.o -> build/.conf_check_ebd591dbc3bb45aa25214505e9aa0d0f/testbuild/testprog

['/usr/bin/g++', 'test.cpp.1.o', '-o', '/root/secure-stdma/sources/build/.conf_check_ebd591dbc3bb45aa25214505e9aa0d0f/testbuild/testprog', '-Wl,-Bstatic', '-Wl,-Bdynamic']
yes
------------------------------------------------------------------------------------------------------------------------
Checking for header net/if.h
==>
#include <net/if.h>

int main(int argc, char **argv) {
	(void)argc; (void)argv;
	return 0;
}

<==
[1/2] cxx: build/.conf_check_ab7199aa46fcaa2e15071e73776f8218/test.cpp -> build/.conf_check_ab7199aa46fcaa2e15071e73776f8218/testbuild/test.cpp.1.o

['/usr/bin/g++', '-Wno-error', '-std=gnu++14', '-march=native', '-DHAVE_PACKET_H=1', '-DHAVE_SYS_IOCTL_H=1', '../test.cpp', '-c', '-o', 'test.cpp.1.o']
[2/2] cxxprogram: build/.conf_check_ab7199aa46fcaa2e15071e73776f8218/testbuild/test.cpp.1.o -> build/.conf_check_ab7199aa46fcaa2e15071e73776f8218/testbuild/testprog

['/usr/bin/g++', 'test.cpp.1.o', '-o', '/root/secure-stdma/sources/build/.conf_check_ab7199aa46fcaa2e15071e73776f8218/testbuild/testprog', '-Wl,-Bstatic', '-Wl,-Bdynamic']
yes
------------------------------------------------------------------------------------------------------------------------
Checking for header net/ethernet.h
==>
#include <net/ethernet.h>

int main(int argc, char **argv) {
	(void)argc; (void)argv;
	return 0;
}

<==
[1/2] cxx: build/.conf_check_6c6255d84543ffa2d8b83c989561eef9/test.cpp -> build/.conf_check_6c6255d84543ffa2d8b83c989561eef9/testbuild/test.cpp.1.o

['/usr/bin/g++', '-Wno-error', '-std=gnu++14', '-march=native', '-DHAVE_PACKET_H=1', '-DHAVE_SYS_IOCTL_H=1', '-DHAVE_IF_NETS_H=1', '../test.cpp', '-c', '-o', 'test.cpp.1.o']
[2/2] cxxprogram: build/.conf_check_6c6255d84543ffa2d8b83c989561eef9/testbuild/test.cpp.1.o -> build/.conf_check_6c6255d84543ffa2d8b83c989561eef9/testbuild/testprog

['/usr/bin/g++', 'test.cpp.1.o', '-o', '/root/secure-stdma/sources/build/.conf_check_6c6255d84543ffa2d8b83c989561eef9/testbuild/testprog', '-Wl,-Bstatic', '-Wl,-Bdynamic']
yes
------------------------------------------------------------------------------------------------------------------------
Checking for header linux/if_tun.h
==>
#include <linux/if_tun.h>

int main(int argc, char **argv) {
	(void)argc; (void)argv;
	return 0;
}

<==
[1/2] cxx: build/.conf_check_79f849e1774b3cde8897857e178c7c8c/test.cpp -> build/.conf_check_79f849e1774b3cde8897857e178c7c8c/testbuild/test.cpp.1.o

['/usr/bin/g++', '-Wno-error', '-std=gnu++14', '-march=native', '-DHAVE_PACKET_H=1', '-DHAVE_SYS_IOCTL_H=1', '-DHAVE_IF_NETS_H=1', '-DHAVE_NET_ETHERNET_H=1', '../test.cpp', '-c', '-o', 'test.cpp.1.o']
[2/2] cxxprogram: build/.conf_check_79f849e1774b3cde8897857e178c7c8c/testbuild/test.cpp.1.o -> build/.conf_check_79f849e1774b3cde8897857e178c7c8c/testbuild/testprog

['/usr/bin/g++', 'test.cpp.1.o', '-o', '/root/secure-stdma/sources/build/.conf_check_79f849e1774b3cde8897857e178c7c8c/testbuild/testprog', '-Wl,-Bstatic', '-Wl,-Bdynamic']
yes
------------------------------------------------------------------------------------------------------------------------
Checking for header netpacket/packet.h
==>
#include <netpacket/packet.h>

int main(int argc, char **argv) {
	(void)argc; (void)argv;
	return 0;
}

<==
[1/2] cxx: build/.conf_check_f00bb2460dc7019f64c1a347be5879fa/test.cpp -> build/.conf_check_f00bb2460dc7019f64c1a347be5879fa/testbuild/test.cpp.1.o

['/usr/bin/g++', '-Wno-error', '-std=gnu++14', '-march=native', '-DHAVE_SYS_IOCTL_H=1', '-DHAVE_IF_NETS_H=1', '-DHAVE_NET_ETHERNET_H=1', '-DHAVE_IF_TUN_H=1', '../test.cpp', '-c', '-o', 'test.cpp.1.o']
[2/2] cxxprogram: build/.conf_check_f00bb2460dc7019f64c1a347be5879fa/testbuild/test.cpp.1.o -> build/.conf_check_f00bb2460dc7019f64c1a347be5879fa/testbuild/testprog

['/usr/bin/g++', 'test.cpp.1.o', '-o', '/root/secure-stdma/sources/build/.conf_check_f00bb2460dc7019f64c1a347be5879fa/testbuild/testprog', '-Wl,-Bstatic', '-Wl,-Bdynamic']
yes
------------------------------------------------------------------------------------------------------------------------
Checking for NSC location
not found
------------------------------------------------------------------------------------------------------------------------
Checking for 'sqlite3'
['/usr/bin/pkg-config', '--cflags', '--libs', 'sqlite3']
out: -lsqlite3 

yes
------------------------------------------------------------------------------------------------------------------------
Checking for header linux/if_tun.h
==>
#include <linux/if_tun.h>

int main(int argc, char **argv) {
	(void)argc; (void)argv;
	return 0;
}

<==
[1/2] cxx: build/.conf_check_79f849e1774b3cde8897857e178c7c8c/test.cpp -> build/.conf_check_79f849e1774b3cde8897857e178c7c8c/testbuild/test.cpp.1.o

['/usr/bin/g++', '-Wno-error', '-std=gnu++14', '-march=native', '-DHAVE_OPENSSL', '-DHAVE_SYS_IOCTL_H=1', '-DHAVE_IF_NETS_H=1', '-DHAVE_NET_ETHERNET_H=1', '-DHAVE_PACKET_H=1', '-DHAVE_SQLITE3=1', '../test.cpp', '-c', '-o', 'test.cpp.1.o']
[2/2] cxxprogram: build/.conf_check_79f849e1774b3cde8897857e178c7c8c/testbuild/test.cpp.1.o -> build/.conf_check_79f849e1774b3cde8897857e178c7c8c/testbuild/testprog

['/usr/bin/g++', 'test.cpp.1.o', '-o', '/root/secure-stdma/sources/build/.conf_check_79f849e1774b3cde8897857e178c7c8c/testbuild/testprog', '-Wl,-Bstatic', '-Wl,-Bdynamic']
yes
------------------------------------------------------------------------------------------------------------------------
Checking for program sudo
not found
find program=['sudo'] paths=['/root/.pyenv/versions/2.7.18/bin', '/root/.pyenv/libexec', '/root/.pyenv/plugins/python-build/bin', '/root/.pyenv/plugins/pyenv-virtualenv/bin', '/root/.pyenv/plugins/pyenv-update/bin', '/root/.pyenv/plugins/pyenv-doctor/bin', '/root/.bun/bin', '/root/.pyenv/shims', '/root/.pyenv/bin', '/root/.pyenv/bin', '/root/.pyenv/bin', '/root/.pyenv/bin', '/root/.pyenv/bin', '/usr/local/sbin', '/usr/local/bin', '/usr/sbin', '/usr/bin', '/sbin', '/bin'] var='SUDO' -> ''
from /root/secure-stdma/sources: Could not find the program sudo
------------------------------------------------------------------------------------------------------------------------
Checking for program valgrind
not found
find program=['valgrind'] paths=['/root/.pyenv/versions/2.7.18/bin', '/root/.pyenv/libexec', '/root/.pyenv/plugins/python-build/bin', '/root/.pyenv/plugins/pyenv-virtualenv/bin', '/root/.pyenv/plugins/pyenv-update/bin', '/root/.pyenv/plugins/pyenv-doctor/bin', '/root/.bun/bin', '/root/.pyenv/shims', '/root/.pyenv/bin', '/root/.pyenv/bin', '/root/.pyenv/bin', '/root/.pyenv/bin', '/root/.pyenv/bin', '/usr/local/sbin', '/usr/local/bin', '/usr/sbin', '/usr/bin', '/sbin', '/bin'] var='VALGRIND' -> ''
from /root/secure-stdma/sources: Could not find the program valgrind
------------------------------------------------------------------------------------------------------------------------
Checking for 'gsl'
['/usr/bin/pkg-config', '--cflags', '--libs', 'gsl']
err: Package gsl was not found in the pkg-config search path.
Perhaps you should add the directory containing `gsl.pc'
to the PKG_CONFIG_PATH environment variable
Package 'gsl', required by 'virtual:world', not found

not found
from /root/secure-stdma/sources: The configuration failed
------------------------------------------------------------------------------------------------------------------------
Checking for compilation flag -Wno-error=deprecated-d... support
==>
#include <stdio.h>
int main() { return 0; }

<==
[1/2] c: build/.conf_check_d8a2c40aecfb7c8eac7dd03fcbfb1110/test.c -> build/.conf_check_d8a2c40aecfb7c8eac7dd03fcbfb1110/testbuild/test.c.1.o

['/usr/bin/gcc', '-Wno-error=deprecated-declarations', '-DHAVE_OPENSSL', '-DHAVE_SYS_IOCTL_H=1', '-DHAVE_IF_NETS_H=1', '-DHAVE_NET_ETHERNET_H=1', '-DHAVE_PACKET_H=1', '-DHAVE_SQLITE3=1', '-DHAVE_IF_TUN_H=1', '../test.c', '-c', '-o', 'test.c.1.o']
[2/2] cprogram: build/.conf_check_d8a2c40aecfb7c8eac7dd03fcbfb1110/testbuild/test.c.1.o -> build/.conf_check_d8a2c40aecfb7c8eac7dd03fcbfb1110/testbuild/testprog

['/usr/bin/gcc', 'test.c.1.o', '-o', '/root/secure-stdma/sources/build/.conf_check_d8a2c40aecfb7c8eac7dd03fcbfb1110/testbuild/testprog', '-Wl,-Bstatic', '-Wl,-Bdynamic']
ok
------------------------------------------------------------------------------------------------------------------------
Checking for compilation flag -fstrict-aliasing... support
==>
#include <stdio.h>
int main() { return 0; }

<==
[1/2] c: build/.conf_check_d8a2c40aecfb7c8eac7dd03fcbfb1110/test.c -> build/.conf_check_d8a2c40aecfb7c8eac7dd03fcbfb1110/testbuild/test.c.1.o

['/usr/bin/gcc', '-fstrict-aliasing', '-DHAVE_OPENSSL', '-DHAVE_SYS_IOCTL_H=1', '-DHAVE_IF_NETS_H=1', '-DHAVE_NET_ETHERNET_H=1', '-DHAVE_PACKET_H=1', '-DHAVE_SQLITE3=1', '-DHAVE_IF_TUN_H=1', '../test.c', '-c', '-o', 'test.c.1.o']
[2/2] cprogram: build/.conf_check_d8a2c40aecfb7c8eac7dd03fcbfb1110/testbuild/test.c.1.o -> build/.conf_check_d8a2c40aecfb7c8eac7dd03fcbfb1110/testbuild/testprog

['/usr/bin/gcc', 'test.c.1.o', '-o', '/root/secure-stdma/sources/build/.conf_check_d8a2c40aecfb7c8eac7dd03fcbfb1110/testbuild/testprog', '-Wl,-Bstatic', '-Wl,-Bdynamic']
ok
------------------------------------------------------------------------------------------------------------------------
Checking for compilation flag -Wstrict-aliasing... support
==>
#include <stdio.h>
int main() { return 0; }

<==
[1/2] c: build/.conf_check_d8a2c40aecfb7c8eac7dd03fcbfb1110/test.c -> build/.conf_check_d8a2c40aecfb7c8eac7dd03fcbfb1110/testbuild/test.c.1.o

['/usr/bin/gcc', '-Wstrict-aliasing', '-DHAVE_OPENSSL', '-DHAVE_SYS_IOCTL_H=1', '-DHAVE_IF_NETS_H=1', '-DHAVE_NET_ETHERNET_H=1', '-DHAVE_PACKET_H=1', '-DHAVE_SQLITE3=1', '-DHAVE_IF_TUN_H=1', '../test.c', '-c', '-o', 'test.c.1.o']
[2/2] cprogram: build/.conf_check_d8a2c40aecfb7c8eac7dd03fcbfb1110/testbuild/test.c.1.o -> build/.conf_check_d8a2c40aecfb7c8eac7dd03fcbfb1110/testbuild/testprog

['/usr/bin/gcc', 'test.c.1.o', '-o', '/root/secure-stdma/sources/build/.conf_check_d8a2c40aecfb7c8eac7dd03fcbfb1110/testbuild/testprog', '-Wl,-Bstatic', '-Wl,-Bdynamic']
ok
------------------------------------------------------------------------------------------------------------------------
Checking for program doxygen
not found
find program=['doxygen'] paths=['/root/.pyenv/versions/2.7.18/bin', '/root/.pyenv/libexec', '/root/.pyenv/plugins/python-build/bin', '/root/.pyenv/plugins/pyenv-virtualenv/bin', '/root/.pyenv/plugins/pyenv-update/bin', '/root/.pyenv/plugins/pyenv-doctor/bin', '/root/.bun/bin', '/root/.pyenv/shims', '/root/.pyenv/bin', '/root/.pyenv/bin', '/root/.pyenv/bin', '/root/.pyenv/bin', '/root/.pyenv/bin', '/usr/local/sbin', '/usr/local/bin', '/usr/sbin', '/usr/bin', '/sbin', '/bin'] var='DOXYGEN' -> ''
from /root/secure-stdma/sources: Could not find the program doxygen
